// Jest Snapshot v1, https://goo.gl/fbAQLP

exports[`App component render render with all props 1`] = `
<Fragment>
  <RootComponents />
  <RouterProvider
    key="1"
    router={[MockFunction router]}
  >
    <RouteNode
      nodeName=""
    >
      <Component />
    </RouteNode>
  </RouterProvider>
</Fragment>
`;
